[22:40:40] main.c:1124> SELECT screen=0 workout=0 e=0 set=0 reps=0 warm=0 rest=0 saved=0 blocked=0 final=0/0
[22:40:41] main.c:1124> SELECT screen=1 workout=0 e=0 set=0 reps=0 warm=0 rest=0 saved=0 blocked=0 final=0/0
[22:40:41] g_diagnostics.c:20> UI_WEIGHTS W=45,45,65,45,95
[22:40:48] main.c:1250> SETUP_ADJUST dir=UP event=SHORT prior=180 result=200
[22:40:48] g_diagnostics.c:15> SETUP_CHANGE i=0 old=45 new=50
[22:40:48] main.c:1254> SYNC_SETUP_MUTATION weights=200 plates=0
[22:40:48] g_diagnostics.c:16> SAVE_BEGIN reason=state W=50,45,65,45,95
[22:40:48] g_diagnostics.c:12> DBG_EVENT 3 50 2
[22:40:48] g_diagnostics.c:14> DBG_STATE_SAVE W=50,45,65,45,95 P=2,0,1,0,1,1,1
[22:40:48] g_diagnostics.c:13> DBG_PERSIST_EXISTS k=14 n=0 r=1
[22:40:48] g_diagnostics.c:13> DBG_PERSIST_READ k=14 n=8 r=8
[22:40:48] g_diagnostics.c:13> DBG_PERSIST_WRITE k=12 n=148 r=148
[22:40:48] g_diagnostics.c:13> DBG_PERSIST_WRITE k=13 n=176 r=176
[22:40:48] g_diagnostics.c:13> DBG_PERSIST_WRITE k=14 n=8 r=8
[22:40:48] main.c:504> SYNC_RECORD_COMMITTED generation=808 result=0 core=148 sync=176 q=0
[22:40:48] g_diagnostics.c:17> SAVE_COMMIT result=0 generation=808 slot=1 W=50,45,65,45,95
[22:40:48] g_diagnostics.c:20> UI_WEIGHTS W=50,45,65,45,95
[22:40:54] main.c:1250> SETUP_ADJUST dir=UP event=SHORT prior=200 result=220
[22:40:54] g_diagnostics.c:15> SETUP_CHANGE i=0 old=50 new=55
[22:40:54] main.c:1254> SYNC_SETUP_MUTATION weights=220 plates=0
[22:40:54] g_diagnostics.c:16> SAVE_BEGIN reason=state W=55,45,65,45,95
[22:40:54] g_diagnostics.c:12> DBG_EVENT 3 55 2
[22:40:54] g_diagnostics.c:14> DBG_STATE_SAVE W=55,45,65,45,95 P=2,0,1,0,1,1,1
[22:40:54] g_diagnostics.c:13> DBG_PERSIST_EXISTS k=14 n=0 r=1
[22:40:54] g_diagnostics.c:13> DBG_PERSIST_READ k=14 n=8 r=8
[22:40:54] g_diagnostics.c:13> DBG_PERSIST_WRITE k=10 n=148 r=148
[22:40:54] g_diagnostics.c:13> DBG_PERSIST_WRITE k=11 n=176 r=176
[22:40:54] g_diagnostics.c:13> DBG_PERSIST_WRITE k=14 n=8 r=8
[22:40:54] main.c:504> SYNC_RECORD_COMMITTED generation=809 result=0 core=148 sync=176 q=0
[22:40:54] g_diagnostics.c:20> UI_WEIGHTS W=55,45,65,45,95
[22:40:54] main.c:1250> SETUP_ADJUST dir=UP event=SHORT prior=220 result=240
[22:40:54] g_diagnostics.c:15> SETUP_CHANGE i=0 old=55 new=60
[22:40:54] main.c:1254> SYNC_SETUP_MUTATION weights=240 plates=0
[22:40:54] g_diagnostics.c:16> SAVE_BEGIN reason=state W=60,45,65,45,95
[22:40:54] g_diagnostics.c:12> DBG_EVENT 3 60 2
[22:40:54] g_diagnostics.c:14> DBG_STATE_SAVE W=60,45,65,45,95 P=2,0,1,0,1,1,1
[22:40:54] g_diagnostics.c:13> DBG_PERSIST_EXISTS k=14 n=0 r=1
[22:40:55] g_diagnostics.c:13> DBG_PERSIST_READ k=14 n=8 r=8
[22:40:55] g_diagnostics.c:13> DBG_PERSIST_WRITE k=12 n=148 r=148
[22:40:55] g_diagnostics.c:13> DBG_PERSIST_WRITE k=13 n=176 r=176
[22:40:55] g_diagnostics.c:13> DBG_PERSIST_WRITE k=14 n=8 r=8
[22:40:55] main.c:504> SYNC_RECORD_COMMITTED generation=810 result=0 core=148 sync=176 q=0
[22:40:55] g_diagnostics.c:17> SAVE_COMMIT result=0 generation=810 slot=1 W=60,45,65,45,95
[22:40:55] g_diagnostics.c:20> UI_WEIGHTS W=60,45,65,45,95
[22:40:55] main.c:1250> SETUP_ADJUST dir=UP event=SHORT prior=240 result=260
[22:40:55] g_diagnostics.c:15> SETUP_CHANGE i=0 old=60 new=65
[22:40:55] main.c:1254> SYNC_SETUP_MUTATION weights=260 plates=0
[22:40:55] g_diagnostics.c:16> SAVE_BEGIN reason=state W=65,45,65,45,95
[22:40:55] g_diagnostics.c:12> DBG_EVENT 3 65 2
[22:40:55] g_diagnostics.c:14> DBG_STATE_SAVE W=65,45,65,45,95 P=2,0,1,0,1,1,1
[22:40:55] g_diagnostics.c:13> DBG_PERSIST_EXISTS k=14 n=0 r=1
[22:40:55] g_diagnostics.c:13> DBG_PERSIST_READ k=14 n=8 r=8
[22:40:55] g_diagnostics.c:13> DBG_PERSIST_WRITE k=10 n=148 r=148
[22:40:55] g_diagnostics.c:13> DBG_PERSIST_WRITE k=11 n=176 r=176
[22:40:55] g_diagnostics.c:13> DBG_PERSIST_WRITE k=14 n=8 r=8
[22:40:55] main.c:504> SYNC_RECORD_COMMITTED generation=811 result=0 core=148 sync=176 q=0
[22:40:55] g_diagnostics.c:17> SAVE_COMMIT result=0 generation=811 slot=0 W=65,45,65,45,95
[22:40:55] g_diagnostics.c:20> UI_WEIGHTS W=65,45,65,45,95
[22:40:57] main.c:1299> SETUP_ADJUST dir=DOWN event=SHORT prior=260 result=240
[22:40:57] g_diagnostics.c:15> SETUP_CHANGE i=0 old=65 new=60
[22:40:57] main.c:1305> SYNC_SETUP_MUTATION weights=240 plates=0
[22:40:57] g_diagnostics.c:16> SAVE_BEGIN reason=state W=60,45,65,45,95
[22:40:57] g_diagnostics.c:12> DBG_EVENT 3 60 2
[22:40:57] g_diagnostics.c:14> DBG_STATE_SAVE W=60,45,65,45,95 P=2,0,1,0,1,1,1
[22:40:57] g_diagnostics.c:13> DBG_PERSIST_EXISTS k=14 n=0 r=1
[22:40:57] g_diagnostics.c:13> DBG_PERSIST_READ k=14 n=8 r=8
[22:40:57] g_diagnostics.c:13> DBG_PERSIST_WRITE k=12 n=148 r=148
[22:40:57] g_diagnostics.c:13> DBG_PERSIST_WRITE k=13 n=176 r=176
[22:40:57] g_diagnostics.c:13> DBG_PERSIST_WRITE k=14 n=8 r=8
[22:40:57] main.c:504> SYNC_RECORD_COMMITTED generation=812 result=0 core=148 sync=176 q=0
[22:40:57] g_diagnostics.c:17> SAVE_COMMIT result=0 generation=812 slot=1 W=60,45,65,45,95
[22:40:57] g_diagnostics.c:20> UI_WEIGHTS W=60,45,65,45,95
[22:40:57] main.c:1124> SELECT screen=1 workout=0 e=0 set=0 reps=0 warm=0 rest=0 saved=0 blocked=0 final=0/0
[22:40:57] g_diagnostics.c:20> UI_WEIGHTS W=60,45,65,45,95
[22:41:03] main.c:1316> BACK_SINGLE
[22:41:03] g_diagnostics.c:20> UI_WEIGHTS W=60,45,65,45,95
[22:41:11] main.c:1316> BACK_SINGLE
[22:41:12] main.c:1316> BACK_SINGLE
[22:41:17] main.c:1316> BACK_SINGLE
[22:41:17] main.c:1478> SYNC_APP_DEINIT_SAVE
[22:41:17] g_diagnostics.c:21> APP_DEINIT
[22:41:17] g_diagnostics.c:12> DBG_EVENT 2 0 0
[22:41:17] g_diagnostics.c:16> SAVE_BEGIN reason=state W=60,45,65,45,95
[22:41:17] g_diagnostics.c:12> DBG_EVENT 3 60 2
[22:41:17] g_diagnostics.c:14> DBG_STATE_SAVE W=60,45,65,45,95 P=2,0,1,0,1,1,1
[22:41:17] g_diagnostics.c:13> DBG_PERSIST_EXISTS k=14 n=0 r=1
[22:41:17] g_diagnostics.c:13> DBG_PERSIST_READ k=14 n=8 r=8
[22:41:17] g_diagnostics.c:13> DBG_PERSIST_WRITE k=10 n=148 r=148
[22:41:17] g_diagnostics.c:13> DBG_PERSIST_WRITE k=11 n=176 r=176
[22:41:17] g_diagnostics.c:13> DBG_PERSIST_WRITE k=14 n=8 r=8
[22:41:17] main.c:504> SYNC_RECORD_COMMITTED generation=813 result=0 core=148 sync=176 q=0
[22:41:21] g_diagnostics.c:21> APP_BOOT
[22:41:21] g_diagnostics.c:21> DBG_KEYS 3 12
[22:41:21] g_diagnostics.c:12> DBG_EVENT 1 0 0
[22:41:21] g_diagnostics.c:12> DBG_EVENT 4 0 0
[22:41:21] g_diagnostics.c:13> DBG_PERSIST_READ k=14 n=8 r=8
[22:41:21] g_diagnostics.c:13> DBG_PERSIST_READ k=10 n=148 r=148
[22:41:21] g_diagnostics.c:13> DBG_PERSIST_READ k=11 n=176 r=176
[22:41:21] main.c:746> persist loaded generation=813
[22:41:21] g_diagnostics.c:18> LOAD_CHOICE source=transaction version=10
[22:41:21] g_diagnostics.c:19> LOAD_RESULT result=0 generation=813 slot=0 W=60,45,65,45,95
[22:41:21] g_diagnostics.c:12> DBG_EVENT 5 60 2
[22:41:21] g_diagnostics.c:14> DBG_STATE_LOAD W=60,45,65,45,95 P=2,0,1,0,1,1,1
[22:41:21] main.c:1465> APP_MESSAGE_OPEN inbox=256 outbox=128 result=0
[22:41:21] pkjs> 5x5:? Pebble JS Bridge initialized.
[22:41:21] pkjs> 5x5:157:56 5x5 sync ready
[22:41:25] main.c:1124> SELECT screen=0 workout=0 e=0 set=0 reps=0 warm=0 rest=0 saved=0 blocked=0 final=0/0
[22:41:25] main.c:1124> SELECT screen=1 workout=0 e=0 set=0 reps=0 warm=0 rest=0 saved=0 blocked=0 final=0/0
[22:41:25] g_diagnostics.c:20> UI_WEIGHTS W=45,45,65,45,95
[22:41:26] main.c:1250> SETUP_ADJUST dir=UP event=SHORT prior=180 result=200
[22:41:26] g_diagnostics.c:15> SETUP_CHANGE i=0 old=45 new=50
[22:41:26] main.c:1254> SYNC_SETUP_MUTATION weights=200 plates=0
[22:41:26] g_diagnostics.c:16> SAVE_BEGIN reason=state W=50,45,65,45,95
[22:41:26] g_diagnostics.c:12> DBG_EVENT 3 50 2
[22:41:26] g_diagnostics.c:14> DBG_STATE_SAVE W=50,45,65,45,95 P=2,0,1,0,1,1,1
[22:41:26] g_diagnostics.c:13> DBG_PERSIST_EXISTS k=14 n=0 r=1
[22:41:26] g_diagnostics.c:13> DBG_PERSIST_READ k=14 n=8 r=8
[22:41:26] g_diagnostics.c:13> DBG_PERSIST_WRITE k=12 n=148 r=148
[22:41:26] g_diagnostics.c:13> DBG_PERSIST_WRITE k=13 n=176 r=176
[22:41:26] g_diagnostics.c:13> DBG_PERSIST_WRITE k=14 n=8 r=8
[22:41:26] main.c:504> SYNC_RECORD_COMMITTED generation=814 result=0 core=148 sync=176 q=0
[22:41:26] g_diagnostics.c:17> SAVE_COMMIT result=0 generation=814 slot=1 W=50,45,65,45,95
[22:41:26] g_diagnostics.c:20> UI_WEIGHTS W=50,45,65,45,95
[22:41:32] main.c:1250> SETUP_ADJUST dir=UP event=SHORT prior=200 result=220
[22:41:32] g_diagnostics.c:15> SETUP_CHANGE i=0 old=50 new=55
[22:41:32] main.c:1254> SYNC_SETUP_MUTATION weights=220 plates=0
[22:41:32] g_diagnostics.c:16> SAVE_BEGIN reason=state W=55,45,65,45,95
[22:41:32] g_diagnostics.c:12> DBG_EVENT 3 55 2
[22:41:32] g_diagnostics.c:14> DBG_STATE_SAVE W=55,45,65,45,95 P=2,0,1,0,1,1,1
[22:41:32] g_diagnostics.c:13> DBG_PERSIST_EXISTS k=14 n=0 r=1
[22:41:32] g_diagnostics.c:13> DBG_PERSIST_READ k=14 n=8 r=8
[22:41:32] g_diagnostics.c:13> DBG_PERSIST_WRITE k=10 n=148 r=148
[22:41:32] g_diagnostics.c:13> DBG_PERSIST_WRITE k=11 n=176 r=176
[22:41:32] g_diagnostics.c:13> DBG_PERSIST_WRITE k=14 n=8 r=8
[22:41:32] main.c:504> SYNC_RECORD_COMMITTED generation=815 result=0 core=148 sync=176 q=0
[22:41:32] g_diagnostics.c:20> UI_WEIGHTS W=55,45,65,45,95
[22:41:32] main.c:1250> SETUP_ADJUST dir=UP event=SHORT prior=220 result=240
[22:41:32] g_diagnostics.c:15> SETUP_CHANGE i=0 old=55 new=60
[22:41:32] main.c:1254> SYNC_SETUP_MUTATION weights=240 plates=0
[22:41:32] g_diagnostics.c:16> SAVE_BEGIN reason=state W=60,45,65,45,95
[22:41:32] g_diagnostics.c:12> DBG_EVENT 3 60 2
[22:41:32] g_diagnostics.c:14> DBG_STATE_SAVE W=60,45,65,45,95 P=2,0,1,0,1,1,1
[22:41:32] g_diagnostics.c:13> DBG_PERSIST_EXISTS k=14 n=0 r=1
[22:41:32] g_diagnostics.c:13> DBG_PERSIST_READ k=14 n=8 r=8
[22:41:32] g_diagnostics.c:13> DBG_PERSIST_WRITE k=12 n=148 r=148
[22:41:32] g_diagnostics.c:13> DBG_PERSIST_WRITE k=13 n=176 r=176
[22:41:32] g_diagnostics.c:13> DBG_PERSIST_WRITE k=14 n=8 r=8
[22:41:32] main.c:504> SYNC_RECORD_COMMITTED generation=816 result=0 core=148 sync=176 q=0
[22:41:32] g_diagnostics.c:17> SAVE_COMMIT result=0 generation=816 slot=1 W=60,45,65,45,95
[22:41:32] g_diagnostics.c:20> UI_WEIGHTS W=60,45,65,45,95
[22:41:34] main.c:1124> SELECT screen=1 workout=0 e=0 set=0 reps=0 warm=0 rest=0 saved=0 blocked=0 final=0/0
[22:41:34] g_diagnostics.c:20> UI_WEIGHTS W=60,45,65,45,95
[22:41:35] main.c:1316> BACK_SINGLE
[22:41:35] g_diagnostics.c:20> UI_WEIGHTS W=60,45,65,45,95
[22:41:35] main.c:1316> BACK_SINGLE
[22:41:36] main.c:1316> BACK_SINGLE
[22:41:41] main.c:1316> BACK_SINGLE
[22:41:41] main.c:1478> SYNC_APP_DEINIT_SAVE
[22:41:41] g_diagnostics.c:21> APP_DEINIT
[22:41:41] g_diagnostics.c:12> DBG_EVENT 2 0 0
[22:41:41] g_diagnostics.c:16> SAVE_BEGIN reason=state W=60,45,65,45,95
[22:41:41] g_diagnostics.c:12> DBG_EVENT 3 60 2
[22:41:41] g_diagnostics.c:14> DBG_STATE_SAVE W=60,45,65,45,95 P=2,0,1,0,1,1,1
[22:41:41] g_diagnostics.c:13> DBG_PERSIST_EXISTS k=14 n=0 r=1
[22:41:42] g_diagnostics.c:13> DBG_PERSIST_READ k=14 n=8 r=8
[22:41:42] g_diagnostics.c:13> DBG_PERSIST_WRITE k=10 n=148 r=148
[22:41:42] g_diagnostics.c:13> DBG_PERSIST_WRITE k=11 n=176 r=176
[22:41:42] g_diagnostics.c:13> DBG_PERSIST_WRITE k=14 n=8 r=8
[22:41:42] main.c:504> SYNC_RECORD_COMMITTED generation=817 result=0 core=148 sync=176 q=0
[22:41:44] g_diagnostics.c:21> APP_BOOT
[22:41:44] g_diagnostics.c:21> DBG_KEYS 3 12
[22:41:44] g_diagnostics.c:12> DBG_EVENT 1 0 0
[22:41:44] g_diagnostics.c:12> DBG_EVENT 4 0 0
[22:41:45] g_diagnostics.c:13> DBG_PERSIST_READ k=14 n=8 r=8
[22:41:45] g_diagnostics.c:13> DBG_PERSIST_READ k=10 n=148 r=148
[22:41:45] g_diagnostics.c:13> DBG_PERSIST_READ k=11 n=176 r=176
[22:41:45] main.c:746> persist loaded generation=817
[22:41:45] g_diagnostics.c:18> LOAD_CHOICE source=transaction version=10
[22:41:45] g_diagnostics.c:19> LOAD_RESULT result=0 generation=817 slot=0 W=60,45,65,45,95
[22:41:45] g_diagnostics.c:12> DBG_EVENT 5 60 2
[22:41:45] g_diagnostics.c:14> DBG_STATE_LOAD W=60,45,65,45,95 P=2,0,1,0,1,1,1
[22:41:45] main.c:1465> APP_MESSAGE_OPEN inbox=256 outbox=128 result=0
[22:41:45] pkjs> 5x5:? Pebble JS Bridge initialized.
[22:41:45] pkjs> 5x5:157:56 5x5 sync ready
[22:41:46] main.c:1124> SELECT screen=0 workout=0 e=0 set=0 reps=0 warm=0 rest=0 saved=0 blocked=0 final=0/0
[22:41:47] main.c:1124> SELECT screen=1 workout=0 e=0 set=0 reps=0 warm=0 rest=0 saved=0 blocked=0 final=0/0
[22:41:47] g_diagnostics.c:20> UI_WEIGHTS W=45,45,65,45,95
[22:41:48] main.c:1250> SETUP_ADJUST dir=UP event=SHORT prior=180 result=200
[22:41:48] g_diagnostics.c:15> SETUP_CHANGE i=0 old=45 new=50
[22:41:48] main.c:1254> SYNC_SETUP_MUTATION weights=200 plates=0
[22:41:48] g_diagnostics.c:16> SAVE_BEGIN reason=state W=50,45,65,45,95
[22:41:48] g_diagnostics.c:12> DBG_EVENT 3 50 2
[22:41:48] g_diagnostics.c:14> DBG_STATE_SAVE W=50,45,65,45,95 P=2,0,1,0,1,1,1
[22:41:48] g_diagnostics.c:13> DBG_PERSIST_EXISTS k=14 n=0 r=1
[22:41:48] g_diagnostics.c:13> DBG_PERSIST_READ k=14 n=8 r=8
[22:41:48] g_diagnostics.c:13> DBG_PERSIST_WRITE k=12 n=148 r=148
[22:41:48] g_diagnostics.c:13> DBG_PERSIST_WRITE k=13 n=176 r=176
[22:41:48] g_diagnostics.c:13> DBG_PERSIST_WRITE k=14 n=8 r=8
[22:41:48] main.c:504> SYNC_RECORD_COMMITTED generation=818 result=0 core=148 sync=176 q=0
[22:41:48] g_diagnostics.c:17> SAVE_COMMIT result=0 generation=818 slot=1 W=50,45,65,45,95
[22:41:48] g_diagnostics.c:20> UI_WEIGHTS W=50,45,65,45,95
[22:41:48] main.c:1124> SELECT screen=1 workout=0 e=0 set=0 reps=0 warm=0 rest=0 saved=0 blocked=0 final=0/0
[22:41:48] g_diagnostics.c:20> UI_WEIGHTS W=50,45,65,45,95
[22:41:50] main.c:1124> SELECT screen=1 workout=0 e=0 set=0 reps=0 warm=0 rest=0 saved=0 blocked=0 final=0/0
[22:41:50] g_diagnostics.c:20> UI_WEIGHTS W=50,45,65,45,95
[22:41:50] main.c:1124> SELECT screen=1 workout=0 e=0 set=0 reps=0 warm=0 rest=0 saved=0 blocked=0 final=0/0
[22:41:50] g_diagnostics.c:20> UI_WEIGHTS W=50,45,65,45,95
[22:41:50] main.c:1124> SELECT screen=1 workout=0 e=0 set=0 reps=0 warm=0 rest=0 saved=0 blocked=0 final=0/0
[22:41:50] g_diagnostics.c:20> UI_WEIGHTS W=50,45,65,45,95
[22:41:50] main.c:1124> SELECT screen=1 workout=0 e=0 set=0 reps=0 warm=0 rest=0 saved=0 blocked=0 final=0/0
[22:41:51] main.c:1316> BACK_SINGLE
[22:41:52] main.c:1316> BACK_SINGLE
[22:41:52] main.c:1478> SYNC_APP_DEINIT_SAVE
[22:41:52] g_diagnostics.c:21> APP_DEINIT
[22:41:52] g_diagnostics.c:12> DBG_EVENT 2 0 0
[22:41:54] g_diagnostics.c:16> SAVE_BEGIN reason=state W=50,45,65,45,95
[22:41:54] g_diagnostics.c:12> DBG_EVENT 3 50 2
[22:41:54] g_diagnostics.c:14> DBG_STATE_SAVE W=50,45,65,45,95 P=2,0,1,0,1,1,1
[22:41:54] g_diagnostics.c:13> DBG_PERSIST_EXISTS k=14 n=0 r=1
[22:41:54] g_diagnostics.c:13> DBG_PERSIST_READ k=14 n=8 r=8
[22:41:54] g_diagnostics.c:13> DBG_PERSIST_WRITE k=10 n=148 r=148
[22:41:54] g_diagnostics.c:13> DBG_PERSIST_WRITE k=11 n=176 r=176
[22:41:54] g_diagnostics.c:13> DBG_PERSIST_WRITE k=14 n=8 r=8
[22:41:54] main.c:504> SYNC_RECORD_COMMITTED generation=819 result=0 core=148 sync=176 q=0
[22:41:54] g_diagnostics.c:17> SAVE_COMMIT result=0 generation=819 slot=0 W=50,45,65,45,95
[22:41:54] ocess_manager.c:506> Heap Usage for App <5x5>: Total Size <94672B> Used <1144B> Still allocated <0B>
